k=4: level E_min+1 max d_B=3, (k-1)(k-3)=3, argmax=[(1, 3, 4)], ok=True
k=5: level E_min+1 max d_B=8, (k-1)(k-3)=8, argmax=[(1, 4, 5)], ok=True
k=6: level E_min+1 max d_B=15, (k-1)(k-3)=15, argmax=[(1, 5, 6)], ok=True
k=7: level E_min+1 max d_B=24, (k-1)(k-3)=24, argmax=[(1, 6, 7)], ok=True
k=8: level E_min+1 max d_B=35, (k-1)(k-3)=35, argmax=[(1, 7, 8)], ok=True
k=9: level E_min+1 max d_B=48, (k-1)(k-3)=48, argmax=[(1, 8, 9)], ok=True
k=10: level E_min+1 max d_B=63, (k-1)(k-3)=63, argmax=[(1, 9, 10)], ok=True
k=11: level E_min+1 max d_B=80, (k-1)(k-3)=80, argmax=[(1, 10, 11)], ok=True
k=12: level E_min+1 max d_B=99, (k-1)(k-3)=99, argmax=[(1, 11, 12)], ok=True
k=13: level E_min+1 max d_B=120, (k-1)(k-3)=120, argmax=[(1, 12, 13)], ok=True
k=14: level E_min+1 max d_B=143, (k-1)(k-3)=143, argmax=[(1, 13, 14)], ok=True
k=15: level E_min+1 max d_B=168, (k-1)(k-3)=168, argmax=[(1, 14, 15)], ok=True
k=16: level E_min+1 max d_B=195, (k-1)(k-3)=195, argmax=[(1, 15, 16)], ok=True
k=17: level E_min+1 max d_B=224, (k-1)(k-3)=224, argmax=[(1, 16, 17)], ok=True
k=18: level E_min+1 max d_B=255, (k-1)(k-3)=255, argmax=[(1, 17, 18)], ok=True
k=19: level E_min+1 max d_B=288, (k-1)(k-3)=288, argmax=[(1, 18, 19)], ok=True
k=20: level E_min+1 max d_B=323, (k-1)(k-3)=323, argmax=[(1, 19, 20)], ok=True
k=21: level E_min+1 max d_B=360, (k-1)(k-3)=360, argmax=[(1, 20, 21)], ok=True
k=22: level E_min+1 max d_B=399, (k-1)(k-3)=399, argmax=[(1, 21, 22)], ok=True
k=23: level E_min+1 max d_B=440, (k-1)(k-3)=440, argmax=[(1, 22, 23)], ok=True
k=24: level E_min+1 max d_B=483, (k-1)(k-3)=483, argmax=[(1, 23, 24)], ok=True
k=25: level E_min+1 max d_B=528, (k-1)(k-3)=528, argmax=[(1, 24, 25)], ok=True
k=26: level E_min+1 max d_B=575, (k-1)(k-3)=575, argmax=[(1, 25, 26)], ok=True
k=27: level E_min+1 max d_B=624, (k-1)(k-3)=624, argmax=[(1, 26, 27)], ok=True
k=28: level E_min+1 max d_B=675, (k-1)(k-3)=675, argmax=[(1, 27, 28)], ok=True
k=29: level E_min+1 max d_B=728, (k-1)(k-3)=728, argmax=[(1, 28, 29)], ok=True
k=30: level E_min+1 max d_B=783, (k-1)(k-3)=783, argmax=[(1, 29, 30)], ok=True
Lemma1/2 random checks: 18000 partitions, k=5..40, ok=True
ALL OK
real 28.73
user 28.54
sys 0.15
