n=1 |P|=1 k=1 r=1 cyclic=1 cycles=1 OK
n=2 |P|=2 k=2 r=1 cyclic=2 cycles=1 OK
n=3 |P|=3 k=2 r=2 cyclic=1 cycles=1 OK
n=4 |P|=5 k=3 r=1 cyclic=3 cycles=1 OK
n=5 |P|=7 k=3 r=2 cyclic=3 cycles=1 OK
n=6 |P|=11 k=3 r=3 cyclic=1 cycles=1 OK
n=7 |P|=15 k=4 r=1 cyclic=4 cycles=1 OK
n=8 |P|=22 k=4 r=2 cyclic=6 cycles=2 OK
n=9 |P|=30 k=4 r=3 cyclic=4 cycles=1 OK
n=10 |P|=42 k=4 r=4 cyclic=1 cycles=1 OK
n=11 |P|=56 k=5 r=1 cyclic=5 cycles=1 OK
n=12 |P|=77 k=5 r=2 cyclic=10 cycles=2 OK
n=13 |P|=101 k=5 r=3 cyclic=10 cycles=2 OK
n=14 |P|=135 k=5 r=4 cyclic=5 cycles=1 OK
n=15 |P|=176 k=5 r=5 cyclic=1 cycles=1 OK
n=16 |P|=231 k=6 r=1 cyclic=6 cycles=1 OK
n=17 |P|=297 k=6 r=2 cyclic=15 cycles=3 OK
n=18 |P|=385 k=6 r=3 cyclic=20 cycles=4 OK
n=19 |P|=490 k=6 r=4 cyclic=15 cycles=3 OK
n=20 |P|=627 k=6 r=5 cyclic=6 cycles=1 OK
n=21 |P|=792 k=6 r=6 cyclic=1 cycles=1 OK
n=22 |P|=1002 k=7 r=1 cyclic=7 cycles=1 OK
n=23 |P|=1255 k=7 r=2 cyclic=21 cycles=3 OK
n=24 |P|=1575 k=7 r=3 cyclic=35 cycles=5 OK
n=25 |P|=1958 k=7 r=4 cyclic=35 cycles=5 OK
n=26 |P|=2436 k=7 r=5 cyclic=21 cycles=3 OK
n=27 |P|=3010 k=7 r=6 cyclic=7 cycles=1 OK
n=28 |P|=3718 k=7 r=7 cyclic=1 cycles=1 OK
n=29 |P|=4565 k=8 r=1 cyclic=8 cycles=1 OK
n=30 |P|=5604 k=8 r=2 cyclic=28 cycles=4 OK
n=31 |P|=6842 k=8 r=3 cyclic=56 cycles=7 OK
n=32 |P|=8349 k=8 r=4 cyclic=70 cycles=10 OK
n=33 |P|=10143 k=8 r=5 cyclic=56 cycles=7 OK
n=34 |P|=12310 k=8 r=6 cyclic=28 cycles=4 OK
n=35 |P|=14883 k=8 r=7 cyclic=8 cycles=1 OK
n=36 |P|=17977 k=8 r=8 cyclic=1 cycles=1 OK
n=37 |P|=21637 k=9 r=1 cyclic=9 cycles=1 OK
n=38 |P|=26015 k=9 r=2 cyclic=36 cycles=4 OK
n=39 |P|=31185 k=9 r=3 cyclic=84 cycles=10 OK
n=40 |P|=37338 k=9 r=4 cyclic=126 cycles=14 OK
n=41 |P|=44583 k=9 r=5 cyclic=126 cycles=14 OK
n=42 |P|=53174 k=9 r=6 cyclic=84 cycles=10 OK
n=43 |P|=63261 k=9 r=7 cyclic=36 cycles=4 OK
n=44 |P|=75175 k=9 r=8 cyclic=9 cycles=1 OK
n=45 |P|=89134 k=9 r=9 cyclic=1 cycles=1 OK
ALL OK up to n = 45
real 2.50
user 2.38
sys 0.02
