D statement example chain OK
R Lemma 2 random test: 200000 sequences OK (seed 12345)
C Thm 9(a),(d) for all eps in {0,1}^k, sum>=1, k<= 16; N(k,r) == brute orbit count for all 1<=r<=k<= 16
B checked 81155 partitions (n<= 35); sort-free steps 47874; Lemmas 1,3,4,6(b), Prop 7 OK
A n=1 k=1 r=1 p(n)=1 cyclic=1 cycles=1 formula=1 lens=[1]
A n=2 k=2 r=1 p(n)=2 cyclic=2 cycles=1 formula=1 lens=[2]
A n=3 k=2 r=2 p(n)=3 cyclic=1 cycles=1 formula=1 lens=[1]
A n=4 k=3 r=1 p(n)=5 cyclic=3 cycles=1 formula=1 lens=[3]
A n=5 k=3 r=2 p(n)=7 cyclic=3 cycles=1 formula=1 lens=[3]
A n=6 k=3 r=3 p(n)=11 cyclic=1 cycles=1 formula=1 lens=[1]
A n=7 k=4 r=1 p(n)=15 cyclic=4 cycles=1 formula=1 lens=[4]
A n=8 k=4 r=2 p(n)=22 cyclic=6 cycles=2 formula=2 lens=[2, 4]
A n=9 k=4 r=3 p(n)=30 cyclic=4 cycles=1 formula=1 lens=[4]
A n=10 k=4 r=4 p(n)=42 cyclic=1 cycles=1 formula=1 lens=[1]
A n=11 k=5 r=1 p(n)=56 cyclic=5 cycles=1 formula=1 lens=[5]
A n=12 k=5 r=2 p(n)=77 cyclic=10 cycles=2 formula=2 lens=[5, 5]
A n=13 k=5 r=3 p(n)=101 cyclic=10 cycles=2 formula=2 lens=[5, 5]
A n=14 k=5 r=4 p(n)=135 cyclic=5 cycles=1 formula=1 lens=[5]
A n=15 k=5 r=5 p(n)=176 cyclic=1 cycles=1 formula=1 lens=[1]
A n=16 k=6 r=1 p(n)=231 cyclic=6 cycles=1 formula=1 lens=[6]
A n=17 k=6 r=2 p(n)=297 cyclic=15 cycles=3 formula=3 lens=[3, 6, 6]
A n=18 k=6 r=3 p(n)=385 cyclic=20 cycles=4 formula=4 lens=[2, 6, 6, 6]
A n=19 k=6 r=4 p(n)=490 cyclic=15 cycles=3 formula=3 lens=[3, 6, 6]
A n=20 k=6 r=5 p(n)=627 cyclic=6 cycles=1 formula=1 lens=[6]
A n=21 k=6 r=6 p(n)=792 cyclic=1 cycles=1 formula=1 lens=[1]
A n=22 k=7 r=1 p(n)=1002 cyclic=7 cycles=1 formula=1 lens=[7]
A n=23 k=7 r=2 p(n)=1255 cyclic=21 cycles=3 formula=3 lens=[7, 7, 7]
A n=24 k=7 r=3 p(n)=1575 cyclic=35 cycles=5 formula=5 lens=[7, 7, 7, 7, 7]
A n=25 k=7 r=4 p(n)=1958 cyclic=35 cycles=5 formula=5 lens=[7, 7, 7, 7, 7]
A n=26 k=7 r=5 p(n)=2436 cyclic=21 cycles=3 formula=3 lens=[7, 7, 7]
A n=27 k=7 r=6 p(n)=3010 cyclic=7 cycles=1 formula=1 lens=[7]
A n=28 k=7 r=7 p(n)=3718 cyclic=1 cycles=1 formula=1 lens=[1]
A n=29 k=8 r=1 p(n)=4565 cyclic=8 cycles=1 formula=1 lens=[8]
A n=30 k=8 r=2 p(n)=5604 cyclic=28 cycles=4 formula=4 lens=[4, 8, 8, 8]
A n=31 k=8 r=3 p(n)=6842 cyclic=56 cycles=7 formula=7 lens=[8, 8, 8, 8, 8, 8, 8]
A n=32 k=8 r=4 p(n)=8349 cyclic=70 cycles=10 formula=10 lens=[2, 4, 8, 8, 8, 8, 8, 8, 8, 8]
A n=33 k=8 r=5 p(n)=10143 cyclic=56 cycles=7 formula=7 lens=[8, 8, 8, 8, 8, 8, 8]
A n=34 k=8 r=6 p(n)=12310 cyclic=28 cycles=4 formula=4 lens=[4, 8, 8, 8]
A n=35 k=8 r=7 p(n)=14883 cyclic=8 cycles=1 formula=1 lens=[8]
A n=36 k=8 r=8 p(n)=17977 cyclic=1 cycles=1 formula=1 lens=[1]
A n=37 k=9 r=1 p(n)=21637 cyclic=9 cycles=1 formula=1 lens=[9]
A n=38 k=9 r=2 p(n)=26015 cyclic=36 cycles=4 formula=4 lens=[9, 9, 9, 9]
A n=39 k=9 r=3 p(n)=31185 cyclic=84 cycles=10 formula=10 lens=[3, 9, 9, 9, 9, 9, 9, 9, 9, 9]
A n=40 k=9 r=4 p(n)=37338 cyclic=126 cycles=14 formula=14 lens=[9, 9, 9, 9, 9, 9, 9, 9, 9, 9, 9, 9, 9, 9]
A n=41 k=9 r=5 p(n)=44583 cyclic=126 cycles=14 formula=14 lens=[9, 9, 9, 9, 9, 9, 9, 9, 9, 9, 9, 9, 9, 9]
A n=42 k=9 r=6 p(n)=53174 cyclic=84 cycles=10 formula=10 lens=[3, 9, 9, 9, 9, 9, 9, 9, 9, 9]
A n=43 k=9 r=7 p(n)=63261 cyclic=36 cycles=4 formula=4 lens=[9, 9, 9, 9]
A n=44 k=9 r=8 p(n)=75175 cyclic=9 cycles=1 formula=1 lens=[9]
A n=45 k=9 r=9 p(n)=89134 cyclic=1 cycles=1 formula=1 lens=[1]
A n=46 k=10 r=1 p(n)=105558 cyclic=10 cycles=1 formula=1 lens=[10]
A n=47 k=10 r=2 p(n)=124754 cyclic=45 cycles=5 formula=5 lens=[5, 10, 10, 10, 10]
A n=48 k=10 r=3 p(n)=147273 cyclic=120 cycles=12 formula=12 lens=[10, 10, 10, 10, 10, 10, 10, 10, 10, 10, 10, 10]
A n=49 k=10 r=4 p(n)=173525 cyclic=210 cycles=22 formula=22 lens=[5, 5, 10, 10, 10, 10, 10, 10, 10, 10, 10, 10, 10, 10, 10, 10, 10, 10, 10, 10, 10, 10]
A n=50 k=10 r=5 p(n)=204226 cyclic=252 cycles=26 formula=26 lens=[2, 10, 10, 10, 10, 10, 10, 10, 10, 10, 10, 10, 10, 10, 10, 10, 10, 10, 10, 10, 10, 10, 10, 10, 10, 10]
ALL REFEREE CHECKS PASSED
