=== d=3 cutoff 14 both ===
  level  1: 8 states
  level  2: 12 states
  level  3: 24 states
  level  4: 32 states
  level  5: 0 states
  states kept: 76
d=3 mode=both -> NO labelling of Q_3 has fewer than 14 uphill paths
real 0.02
user 0.01
sys 0.00
=== d=3 cutoff 15 both (should give 14) ===
  level  1: 8 states
  level  2: 28 states
  level  3: 48 states
  level  4: 80 states
  level  5: 104 states
  level  6: 72 states
  level  7: 32 states
  level  8: 1 states
  states kept: 373
d=3 mode=both -> minimum over ALL 8! labellings = 14
real 0.02
user 0.02
sys 0.00
